#-----------------------------------------------------------
# Vivado v2019.1 (64-bit)
# SW Build 2552052 on Fri May 24 14:49:42 MDT 2019
# IP Build 2548770 on Fri May 24 18:01:18 MDT 2019
# Start of session at: Tue Jun 28 01:22:34 2022
# Process ID: 20148
# Current directory: C:/Users/kacpe/OneDrive/Pulpit/Projekt_SDUP
# Command line: vivado.exe -gui_launcher_event rodinguilauncherevent50644 C:\Users\kacpe\OneDrive\Pulpit\Projekt_SDUP\Projekt_SDUP.xpr
# Log file: C:/Users/kacpe/OneDrive/Pulpit/Projekt_SDUP/vivado.log
# Journal file: C:/Users/kacpe/OneDrive/Pulpit/Projekt_SDUP\vivado.jou
#-----------------------------------------------------------
start_gui
open_project C:/Users/kacpe/OneDrive/Pulpit/Projekt_SDUP/Projekt_SDUP.xpr
update_compile_order -fileset sources_1
open_bd_design {C:/Users/kacpe/OneDrive/Pulpit/Projekt_SDUP/Projekt_SDUP.srcs/sources_1/bd/design_1/design_1.bd}
update_compile_order -fileset sim_1
update_compile_order -fileset sim_1
launch_simulation
launch_simulation
source tb.tcl
current_wave_config {Untitled 1}
add_wave {{/tb/design_1_wrapper/design_1_i/AXI_FIFO_0/inst}} 
relaunch_sim
relaunch_sim
relaunch_sim
relaunch_sim
relaunch_sim
relaunch_sim
relaunch_sim
relaunch_sim
relaunch_sim
relaunch_sim
set_property -name {xsim.simulate.runtime} -value {100000000ns} -objects [get_filesets sim_1]
relaunch_sim
set_property -name {xsim.simulate.log_all_signals} -value {true} -objects [get_filesets sim_1]
relaunch_sim
close_sim
set_property -name {xsim.simulate.runtime} -value {} -objects [get_filesets sim_1]
launch_simulation
source tb.tcl
set_property -name {xsim.simulate.runtime} -value {100000000ns} -objects [get_filesets sim_1]
set_property -name {xsim.simulate.no_quit} -value {true} -objects [get_filesets sim_1]
relaunch_sim
close_sim
launch_simulation
source tb.tcl
set_property -name {xsim.simulate.no_quit} -value {false} -objects [get_filesets sim_1]
close_sim
launch_simulation
source tb.tcl
relaunch_sim
-verbose
-v
relaunch_sim
relaunch_sim
relaunch_sim
relaunch_sim
relaunch_sim
current_wave_config {Untitled 5}
add_wave {{/tb/design_1_wrapper/design_1_i/AXI_FIFO_0}} 
relaunch_sim
close_sim
