Info: Starting: Create block symbol file (.bsf)
Info: qsys-generate D:\intelFPGA_lite\SDUP_PROJ\pd1.qsys --block-symbol-file --output-directory=D:\intelFPGA_lite\SDUP_PROJ\pd1 --family="Cyclone IV E" --part=EP4CE6E22C8
Progress: Loading SDUP_PROJ/pd1.qsys
Progress: Reading input file
Progress: Adding AXI_FIFO_0 [AXI_FIFO 1.0]
Progress: Parameterizing module AXI_FIFO_0
Progress: Adding AvalonST_AXI4_Stream_Bridge_0 [AvalonST_AXI4_Stream_Bridge 1.0]
Progress: Parameterizing module AvalonST_AXI4_Stream_Bridge_0
Progress: Adding clk_0 [clock_source 21.1]
Progress: Parameterizing module clk_0
Progress: Adding jtag_uart_0 [altera_avalon_jtag_uart 21.1]
Progress: Parameterizing module jtag_uart_0
Progress: Adding nios2_gen2_0 [altera_nios2_gen2 21.1]
Progress: Parameterizing module nios2_gen2_0
Progress: Adding onchip_memory2_0 [altera_avalon_onchip_memory2 21.1]
Progress: Parameterizing module onchip_memory2_0
Progress: Building connections
Progress: Parameterizing connections
Progress: Validating
Progress: Done reading input file
Info: pd1.jtag_uart_0: JTAG UART IP input clock need to be at least double (2x) the operating frequency of JTAG TCK on board
Warning: pd1.jtag_uart_0: Interrupt sender jtag_uart_0.irq is not connected to an interrupt receiver
Info: qsys-generate succeeded.
Info: Finished: Create block symbol file (.bsf)
Info: 
Info: Starting: Create HDL design files for synthesis
Info: qsys-generate D:\intelFPGA_lite\SDUP_PROJ\pd1.qsys --synthesis=VERILOG --output-directory=D:\intelFPGA_lite\SDUP_PROJ\pd1\synthesis --family="Cyclone IV E" --part=EP4CE6E22C8
Progress: Loading SDUP_PROJ/pd1.qsys
Progress: Reading input file
Progress: Adding AXI_FIFO_0 [AXI_FIFO 1.0]
Progress: Parameterizing module AXI_FIFO_0
Progress: Adding AvalonST_AXI4_Stream_Bridge_0 [AvalonST_AXI4_Stream_Bridge 1.0]
Progress: Parameterizing module AvalonST_AXI4_Stream_Bridge_0
Progress: Adding clk_0 [clock_source 21.1]
Progress: Parameterizing module clk_0
Progress: Adding jtag_uart_0 [altera_avalon_jtag_uart 21.1]
Progress: Parameterizing module jtag_uart_0
Progress: Adding nios2_gen2_0 [altera_nios2_gen2 21.1]
Progress: Parameterizing module nios2_gen2_0
Progress: Adding onchip_memory2_0 [altera_avalon_onchip_memory2 21.1]
Progress: Parameterizing module onchip_memory2_0
Progress: Building connections
Progress: Parameterizing connections
Progress: Validating
Progress: Done reading input file
Info: pd1.jtag_uart_0: JTAG UART IP input clock need to be at least double (2x) the operating frequency of JTAG TCK on board
Warning: pd1.jtag_uart_0: Interrupt sender jtag_uart_0.irq is not connected to an interrupt receiver
Info: pd1: Generating pd1 "pd1" for QUARTUS_SYNTH
Info: AXI_FIFO_0: "pd1" instantiated AXI_FIFO "AXI_FIFO_0"
Info: AvalonST_AXI4_Stream_Bridge_0: "pd1" instantiated AvalonST_AXI4_Stream_Bridge "AvalonST_AXI4_Stream_Bridge_0"
Info: jtag_uart_0: Starting RTL generation for module 'pd1_jtag_uart_0'
Info: jtag_uart_0:   Generation command is [exec D:/intelfpga_lite/21.1/quartus/bin64/perl/bin/perl.exe -I D:/intelfpga_lite/21.1/quartus/bin64/perl/lib -I D:/intelfpga_lite/21.1/quartus/sopc_builder/bin/europa -I D:/intelfpga_lite/21.1/quartus/sopc_builder/bin -I D:/intelfpga_lite/21.1/quartus/../ip/altera/sopc_builder_ip/common -I D:/intelfpga_lite/21.1/quartus/../ip/altera/sopc_builder_ip/altera_avalon_jtag_uart -- D:/intelfpga_lite/21.1/quartus/../ip/altera/sopc_builder_ip/altera_avalon_jtag_uart/generate_rtl.pl --name=pd1_jtag_uart_0 --dir=C:/Users/kacpe/AppData/Local/Temp/alt9164_3398887282713967213.dir/0004_jtag_uart_0_gen/ --quartus_dir=D:/intelfpga_lite/21.1/quartus --verilog --config=C:/Users/kacpe/AppData/Local/Temp/alt9164_3398887282713967213.dir/0004_jtag_uart_0_gen//pd1_jtag_uart_0_component_configuration.pl  --do_build_sim=0  ]
Info: jtag_uart_0: Done RTL generation for module 'pd1_jtag_uart_0'
Info: jtag_uart_0: "pd1" instantiated altera_avalon_jtag_uart "jtag_uart_0"
Info: nios2_gen2_0: "pd1" instantiated altera_nios2_gen2 "nios2_gen2_0"
Info: onchip_memory2_0: Starting RTL generation for module 'pd1_onchip_memory2_0'
Info: onchip_memory2_0:   Generation command is [exec D:/intelfpga_lite/21.1/quartus/bin64/perl/bin/perl.exe -I D:/intelfpga_lite/21.1/quartus/bin64/perl/lib -I D:/intelfpga_lite/21.1/quartus/sopc_builder/bin/europa -I D:/intelfpga_lite/21.1/quartus/sopc_builder/bin -I D:/intelfpga_lite/21.1/quartus/../ip/altera/sopc_builder_ip/common -I D:/intelfpga_lite/21.1/quartus/../ip/altera/sopc_builder_ip/altera_avalon_onchip_memory2 -- D:/intelfpga_lite/21.1/quartus/../ip/altera/sopc_builder_ip/altera_avalon_onchip_memory2/generate_rtl.pl --name=pd1_onchip_memory2_0 --dir=C:/Users/kacpe/AppData/Local/Temp/alt9164_3398887282713967213.dir/0005_onchip_memory2_0_gen/ --quartus_dir=D:/intelfpga_lite/21.1/quartus --verilog --config=C:/Users/kacpe/AppData/Local/Temp/alt9164_3398887282713967213.dir/0005_onchip_memory2_0_gen//pd1_onchip_memory2_0_component_configuration.pl  --do_build_sim=0  ]
Info: onchip_memory2_0: Done RTL generation for module 'pd1_onchip_memory2_0'
Info: onchip_memory2_0: "pd1" instantiated altera_avalon_onchip_memory2 "onchip_memory2_0"
Info: avalon_st_adapter: Inserting error_adapter: error_adapter_0
Info: avalon_st_adapter_001: Inserting error_adapter: error_adapter_0
Info: avalon_st_adapter_002: Inserting error_adapter: error_adapter_0
Info: avalon_st_adapter_003: Inserting error_adapter: error_adapter_0
Info: mm_interconnect_0: "pd1" instantiated altera_mm_interconnect "mm_interconnect_0"
Info: irq_mapper: "pd1" instantiated altera_irq_mapper "irq_mapper"
Info: rst_controller: "pd1" instantiated altera_reset_controller "rst_controller"
Info: cpu: Starting RTL generation for module 'pd1_nios2_gen2_0_cpu'
Info: cpu:   Generation command is [exec D:/intelFPGA_lite/21.1/quartus/bin64//perl/bin/perl.exe -I D:/intelFPGA_lite/21.1/quartus/bin64//perl/lib -I D:/intelfpga_lite/21.1/quartus/sopc_builder/bin/europa -I D:/intelfpga_lite/21.1/quartus/sopc_builder/bin -I D:/intelfpga_lite/21.1/quartus/../ip/altera/nios2_ip/altera_nios2_gen2/cpu_lib -I D:/intelfpga_lite/21.1/quartus/../ip/altera/nios2_ip/altera_nios2_gen2/nios_lib -I D:/intelfpga_lite/21.1/quartus/../ip/altera/nios2_ip/altera_nios2_gen2 -I D:/intelfpga_lite/21.1/quartus/../ip/altera/nios2_ip/altera_nios2_gen2 -- D:/intelfpga_lite/21.1/quartus/../ip/altera/nios2_ip/altera_nios2_gen2/generate_rtl.pl --name=pd1_nios2_gen2_0_cpu --dir=C:/Users/kacpe/AppData/Local/Temp/alt9164_3398887282713967213.dir/0008_cpu_gen/ --quartus_bindir=D:/intelFPGA_lite/21.1/quartus/bin64/ --verilog --config=C:/Users/kacpe/AppData/Local/Temp/alt9164_3398887282713967213.dir/0008_cpu_gen//pd1_nios2_gen2_0_cpu_processor_configuration.pl  --do_build_sim=0  ]
Info: cpu: # 2022.06.21 20:49:03 (*) Starting Nios II generation
Info: cpu: # 2022.06.21 20:49:03 (*)   Elaborating CPU configuration settings
Info: cpu: # 2022.06.21 20:49:03 (*)   Creating all objects for CPU
Info: cpu: # 2022.06.21 20:49:04 (*)   Generating RTL from CPU objects
Info: cpu: # 2022.06.21 20:49:04 (*)   Creating plain-text RTL
Info: cpu: # 2022.06.21 20:49:04 (*) Done Nios II generation
Info: cpu: Done RTL generation for module 'pd1_nios2_gen2_0_cpu'
Info: cpu: "nios2_gen2_0" instantiated altera_nios2_gen2_unit "cpu"
Info: nios2_gen2_0_data_master_translator: "mm_interconnect_0" instantiated altera_merlin_master_translator "nios2_gen2_0_data_master_translator"
Info: jtag_uart_0_avalon_jtag_slave_translator: "mm_interconnect_0" instantiated altera_merlin_slave_translator "jtag_uart_0_avalon_jtag_slave_translator"
Info: nios2_gen2_0_data_master_agent: "mm_interconnect_0" instantiated altera_merlin_master_agent "nios2_gen2_0_data_master_agent"
Info: jtag_uart_0_avalon_jtag_slave_agent: "mm_interconnect_0" instantiated altera_merlin_slave_agent "jtag_uart_0_avalon_jtag_slave_agent"
Info: jtag_uart_0_avalon_jtag_slave_agent_rsp_fifo: "mm_interconnect_0" instantiated altera_avalon_sc_fifo "jtag_uart_0_avalon_jtag_slave_agent_rsp_fifo"
Info: router: "mm_interconnect_0" instantiated altera_merlin_router "router"
Info: router_001: "mm_interconnect_0" instantiated altera_merlin_router "router_001"
Info: router_002: "mm_interconnect_0" instantiated altera_merlin_router "router_002"
Info: router_003: "mm_interconnect_0" instantiated altera_merlin_router "router_003"
Info: router_004: "mm_interconnect_0" instantiated altera_merlin_router "router_004"
Info: router_005: "mm_interconnect_0" instantiated altera_merlin_router "router_005"
Info: AvalonST_AXI4_Stream_Bridge_0_avalon_slave_burst_adapter: "mm_interconnect_0" instantiated altera_merlin_burst_adapter "AvalonST_AXI4_Stream_Bridge_0_avalon_slave_burst_adapter"
Info: cmd_demux: "mm_interconnect_0" instantiated altera_merlin_demultiplexer "cmd_demux"
Info: cmd_demux_001: "mm_interconnect_0" instantiated altera_merlin_demultiplexer "cmd_demux_001"
Info: cmd_mux: "mm_interconnect_0" instantiated altera_merlin_multiplexer "cmd_mux"
Info: cmd_mux_002: "mm_interconnect_0" instantiated altera_merlin_multiplexer "cmd_mux_002"
Info: Reusing file D:/intelFPGA_lite/SDUP_PROJ/pd1/synthesis/submodules/altera_merlin_arbitrator.sv
Info: rsp_demux: "mm_interconnect_0" instantiated altera_merlin_demultiplexer "rsp_demux"
Info: rsp_mux: "mm_interconnect_0" instantiated altera_merlin_multiplexer "rsp_mux"
Info: Reusing file D:/intelFPGA_lite/SDUP_PROJ/pd1/synthesis/submodules/altera_merlin_arbitrator.sv
Info: rsp_mux_001: "mm_interconnect_0" instantiated altera_merlin_multiplexer "rsp_mux_001"
Info: Reusing file D:/intelFPGA_lite/SDUP_PROJ/pd1/synthesis/submodules/altera_merlin_arbitrator.sv
Info: AvalonST_AXI4_Stream_Bridge_0_avalon_slave_rsp_width_adapter: "mm_interconnect_0" instantiated altera_merlin_width_adapter "AvalonST_AXI4_Stream_Bridge_0_avalon_slave_rsp_width_adapter"
Info: Reusing file D:/intelFPGA_lite/SDUP_PROJ/pd1/synthesis/submodules/altera_merlin_address_alignment.sv
Info: Reusing file D:/intelFPGA_lite/SDUP_PROJ/pd1/synthesis/submodules/altera_merlin_burst_uncompressor.sv
Info: avalon_st_adapter: "mm_interconnect_0" instantiated altera_avalon_st_adapter "avalon_st_adapter"
Info: avalon_st_adapter_001: "mm_interconnect_0" instantiated altera_avalon_st_adapter "avalon_st_adapter_001"
Info: error_adapter_0: "avalon_st_adapter" instantiated error_adapter "error_adapter_0"
Info: error_adapter_0: "avalon_st_adapter_001" instantiated error_adapter "error_adapter_0"
Info: pd1: Done "pd1" with 34 modules, 56 files
Info: qsys-generate succeeded.
Info: Finished: Create HDL design files for synthesis
